A51 MACRO ASSEMBLER  DALAY                                                                04/17/2025 12:04:25 PAGE     1


MACRO ASSEMBLER A51 V8.2.7.0
OBJECT MODULE PLACED IN .\Objects\Dalay.obj
ASSEMBLER INVOKED BY: C:\Keil_v5\C51\BIN\A51.EXE Dalay.a51 SET(SMALL) DEBUG PRINT(.\Listings\Dalay.lst) OBJECT(.\Objects
                      \Dalay.obj) EP

LOC  OBJ            LINE     SOURCE

0000                   1     ORG 0000H;
                       2             
0000                   3             MAIN:
0000 758901            4               MOV TMOD,#01H;
0003 790A              5               MOV R1,#0AH;
                       6                
0005 759000            7                AGAIN: MOV P1,#00H;
0008 1111              8                       ACALL DELAY;
000A 7590FF            9                               MOV P1,#0FFH;
000D 1111             10                       ACALL DELAY;
000F 80F4             11                               SJMP AGAIN;
                      12                               
                      13                       
                      14               
0011                  15               DELAY: 
0011 758C00           16                       MOV TH0,#00H;
0014 758A00           17                       MOV TL0,#00H;
0017 D28C             18                       SETB TR0;
0019 308DFD           19                               LOOP: JNB TF0,LOOP;
001C C28C             20                               CLR TR0;
001E C28D             21                               CLR TF0;
0020 D9EF             22                               DJNZ R1,DELAY;
0022 22               23                      RET
                      24                               
                      25     END                     
                                     
A51 MACRO ASSEMBLER  DALAY                                                                04/17/2025 12:04:25 PAGE     2

SYMBOL TABLE LISTING
------ ----- -------


N A M E             T Y P E  V A L U E   ATTRIBUTES

AGAIN. . . . . . .  C ADDR   0005H   A   
DELAY. . . . . . .  C ADDR   0011H   A   
LOOP . . . . . . .  C ADDR   0019H   A   
MAIN . . . . . . .  C ADDR   0000H   A   
P1 . . . . . . . .  D ADDR   0090H   A   
TF0. . . . . . . .  B ADDR   0088H.5 A   
TH0. . . . . . . .  D ADDR   008CH   A   
TL0. . . . . . . .  D ADDR   008AH   A   
TMOD . . . . . . .  D ADDR   0089H   A   
TR0. . . . . . . .  B ADDR   0088H.4 A   


REGISTER BANK(S) USED: 0 


ASSEMBLY COMPLETE.  0 WARNING(S), 0 ERROR(S)
