A51 MACRO ASSEMBLER  INTERRUPT_LED                                                        04/09/2025 18:04:19 PAGE     1


MACRO ASSEMBLER A51 V8.2.7.0
OBJECT MODULE PLACED IN .\Objects\interrupt_led.obj
ASSEMBLER INVOKED BY: C:\Keil_v5\C51\BIN\A51.EXE interrupt_led.a51 SET(SMALL) DEBUG PRINT(.\Listings\interrupt_led.lst) 
                      OBJECT(.\Objects\interrupt_led.obj) EP

LOC  OBJ            LINE     SOURCE

0000                   1     ORG 0000H
0000 020030            2     LJMP MAIN
0013                   3     ORG 0013H
0013 B290              4         CPL P1.0
0015 32                5             RETI
                       6                     
0030                   7     ORG 0030H
0030 D2AF              8        MAIN: SETB EA
0032 D2AA              9                      SETB EX1
0034 D28A             10                      SETB IT1
0036 D290             11                      SETB P1.0
                      12                             
0038                  13                      LOOP:
0038 80FE             14                      SJMP LOOP
                      15     END                     
A51 MACRO ASSEMBLER  INTERRUPT_LED                                                        04/09/2025 18:04:19 PAGE     2

SYMBOL TABLE LISTING
------ ----- -------


N A M E             T Y P E  V A L U E   ATTRIBUTES

EA . . . . . . . .  B ADDR   00A8H.7 A   
EX1. . . . . . . .  B ADDR   00A8H.2 A   
IT1. . . . . . . .  B ADDR   0088H.2 A   
LOOP . . . . . . .  C ADDR   0038H   A   
MAIN . . . . . . .  C ADDR   0030H   A   
P1 . . . . . . . .  D ADDR   0090H   A   


REGISTER BANK(S) USED: 0 


ASSEMBLY COMPLETE.  0 WARNING(S), 0 ERROR(S)
