A51 MACRO ASSEMBLER  ADD                                                                  04/13/2025 17:24:14 PAGE     1


MACRO ASSEMBLER A51 V8.2.7.0
OBJECT MODULE PLACED IN .\Objects\add.obj
ASSEMBLER INVOKED BY: C:\Keil_v5\C51\BIN\A51.EXE add.a51 SET(SMALL) DEBUG PRINT(.\Listings\add.lst) OBJECT(.\Objects\add
                      .obj) EP

LOC  OBJ            LINE     SOURCE

0000                   1     ORG 0000H;
0000 74B4              2             MOV A,#0B4H;
0002 245F              3             ADD A,#5FH;
0004 FE                4         MOV R6,A;
0005 E4                5             CLR A;
0006 34A3              6         ADDC A,#0A3H;
0008 242E              7         ADD A,#2EH;
000A FF                8         MOV R7,A;
                       9     END     
                                     
A51 MACRO ASSEMBLER  ADD                                                                  04/13/2025 17:24:14 PAGE     2

SYMBOL TABLE LISTING
------ ----- -------


N A M E             T Y P E  V A L U E   ATTRIBUTES



REGISTER BANK(S) USED: 0 


ASSEMBLY COMPLETE.  0 WARNING(S), 0 ERROR(S)
